------------------------------------------------------------
TimeQuest Timing Analyzer Summary
------------------------------------------------------------

Type  : Slow Model Setup 'clk'
Slack : -1.206
TNS   : -5.616

Type  : Slow Model Setup 'state.0000'
Slack : 0.808
TNS   : 0.000

Type  : Slow Model Hold 'state.0000'
Slack : -1.010
TNS   : -3.007

Type  : Slow Model Hold 'clk'
Slack : -0.870
TNS   : -0.870

Type  : Slow Model Minimum Pulse Width 'clk'
Slack : -1.631
TNS   : -11.407

Type  : Slow Model Minimum Pulse Width 'state.0000'
Slack : 0.500
TNS   : 0.000

Type  : Fast Model Setup 'clk'
Slack : -0.302
TNS   : -0.680

Type  : Fast Model Setup 'state.0000'
Slack : 1.155
TNS   : 0.000

Type  : Fast Model Hold 'clk'
Slack : -0.656
TNS   : -0.985

Type  : Fast Model Hold 'state.0000'
Slack : -0.565
TNS   : -1.684

Type  : Fast Model Minimum Pulse Width 'clk'
Slack : -1.380
TNS   : -9.380

Type  : Fast Model Minimum Pulse Width 'state.0000'
Slack : 0.500
TNS   : 0.000

------------------------------------------------------------
